=== 2026-09-30 01:51:25 --protocol loo --data all --loss bce --tag loo-all-bce-s20260917
[loo-all-bce-s20260917] popularity main {'users': 29991, 'Recall@10': 0.006068487212830516, 'Recall@20': 0.008402520756226868, 'Recall@100': 0.019572538428195126, 'Recall@500': 0.03774465673035244, 'NDCG@10': 0.002814392544763625, 'MRR@10': 0.0018331160723878536}
[loo-all-bce-s20260917] popularity rec  {'users': 18446, 'Recall@10': 0.008186056597636344, 'Recall@20': 0.011059308251111353, 'Recall@100': 0.023582348476634502, 'Recall@500': 0.04055079692074162, 'NDCG@10': 0.004156837992100102, 'MRR@10': 0.0029077797225363095}
[loo-all-bce-s20260917] done in 236s  overlap 0.453
=== 2026-09-30 01:55:22 --protocol tsp --data all --loss bce --tag tsp-all-bce-s20260917
[tsp-all-bce-s20260917] popularity main {'users': 2446, 'Recall@10': 0.005723630417007359, 'Recall@20': 0.010220768601798855, 'Recall@100': 0.02739165985282093, 'Recall@500': 0.05396565821749796, 'NDCG@10': 0.0027235609437535075, 'MRR@10': 0.0018413606925463018}
[tsp-all-bce-s20260917] popularity rec  {'users': 1536, 'Recall@10': 0.011067708333333334, 'Recall@20': 0.014973958333333334, 'Recall@100': 0.044921875, 'Recall@500': 0.064453125, 'NDCG@10': 0.004674237352776133, 'MRR@10': 0.0028074880125661377}
[tsp-all-bce-s20260917] done in 294s  overlap 0.538
=== 2026-09-30 02:00:18 --protocol uh --data all --loss bce --tag uh-all-bce-s20260917
[uh-all-bce-s20260917] popularity main {'users': 8997, 'Recall@10': 0.006002000666888963, 'Recall@20': 0.008224963876847837, 'Recall@100': 0.02100700233411137, 'Recall@500': 0.045126153162165165, 'NDCG@10': 0.0027646567097184003, 'MRR@10': 0.0017769591627544278}
[uh-all-bce-s20260917] popularity rec  {'users': 5530, 'Recall@10': 0.00976491862567812, 'Recall@20': 0.013381555153707052, 'Recall@100': 0.029837251356238697, 'Recall@500': 0.053707052441229655, 'NDCG@10': 0.005401812597533872, 'MRR@10': 0.004067352679468413}
[uh-all-bce-s20260917] done in 255s  overlap 0.624
=== 2026-09-30 02:04:35 --protocol loo --data rec --loss bce --tag loo-rec-bce-s20260917
[loo-rec-bce-s20260917] popularity main {'users': 9804, 'Recall@10': 0.006731946144430845, 'Recall@20': 0.00897592819257446, 'Recall@100': 0.01937984496124031, 'Recall@500': 0.03294573643410853, 'NDCG@10': 0.0032748259938762893, 'MRR@10': 0.0021893801040067866}
[loo-rec-bce-s20260917] popularity rec  {'users': 9804, 'Recall@10': 0.006731946144430845, 'Recall@20': 0.00897592819257446, 'Recall@100': 0.01937984496124031, 'Recall@500': 0.03294573643410853, 'NDCG@10': 0.0032748259938762893, 'MRR@10': 0.0021893801040067866}
[loo-rec-bce-s20260917] done in 52s  overlap 0.364
=== 2026-09-30 02:05:29 --protocol tsp --data rec --loss bce --tag tsp-rec-bce-s20260917
[tsp-rec-bce-s20260917] popularity main {'users': 988, 'Recall@10': 0.008097165991902834, 'Recall@20': 0.013157894736842105, 'Recall@100': 0.030364372469635626, 'Recall@500': 0.044534412955465584, 'NDCG@10': 0.0030808420446098166, 'MRR@10': 0.0016290726817042606}
[tsp-rec-bce-s20260917] popularity rec  {'users': 988, 'Recall@10': 0.008097165991902834, 'Recall@20': 0.013157894736842105, 'Recall@100': 0.030364372469635626, 'Recall@500': 0.044534412955465584, 'NDCG@10': 0.0030808420446098166, 'MRR@10': 0.0016290726817042606}
[tsp-rec-bce-s20260917] done in 102s  overlap 0.493
=== 2026-09-30 02:07:13 --protocol uh --data rec --loss bce --tag uh-rec-bce-s20260917
[uh-rec-bce-s20260917] popularity main {'users': 3545, 'Recall@10': 0.006205923836389281, 'Recall@20': 0.010437235543018336, 'Recall@100': 0.02454160789844852, 'Recall@500': 0.04428772919605078, 'NDCG@10': 0.0032370607791590666, 'MRR@10': 0.00231916179730002}
[uh-rec-bce-s20260917] popularity rec  {'users': 3545, 'Recall@10': 0.006205923836389281, 'Recall@20': 0.010437235543018336, 'Recall@100': 0.02454160789844852, 'Recall@500': 0.04428772919605078, 'NDCG@10': 0.0032370607791590666, 'MRR@10': 0.00231916179730002}
[uh-rec-bce-s20260917] done in 114s  overlap 0.510
=== 2026-09-30 02:09:08 --protocol loo --data all --loss ce --tag loo-all-ce-s20260917
[loo-all-ce-s20260917] popularity main {'users': 29991, 'Recall@10': 0.006068487212830516, 'Recall@20': 0.008402520756226868, 'Recall@100': 0.019572538428195126, 'Recall@500': 0.03774465673035244, 'NDCG@10': 0.002814392544763625, 'MRR@10': 0.0018331160723878536}
[loo-all-ce-s20260917] popularity rec  {'users': 18446, 'Recall@10': 0.008186056597636344, 'Recall@20': 0.011059308251111353, 'Recall@100': 0.023582348476634502, 'Recall@500': 0.04055079692074162, 'NDCG@10': 0.004156837992100102, 'MRR@10': 0.0029077797225363095}
[loo-all-ce-s20260917] done in 102s  overlap 0.504
=== 2026-09-30 02:10:51 --protocol tsp --data all --loss ce --tag tsp-all-ce-s20260917
[tsp-all-ce-s20260917] popularity main {'users': 2446, 'Recall@10': 0.005723630417007359, 'Recall@20': 0.010220768601798855, 'Recall@100': 0.02739165985282093, 'Recall@500': 0.05396565821749796, 'NDCG@10': 0.0027235609437535075, 'MRR@10': 0.0018413606925463018}
[tsp-all-ce-s20260917] popularity rec  {'users': 1536, 'Recall@10': 0.011067708333333334, 'Recall@20': 0.014973958333333334, 'Recall@100': 0.044921875, 'Recall@500': 0.064453125, 'NDCG@10': 0.004674237352776133, 'MRR@10': 0.0028074880125661377}
[tsp-all-ce-s20260917] done in 227s  overlap 0.544
=== 2026-09-30 02:14:40 --protocol uh --data all --loss ce --tag uh-all-ce-s20260917
[uh-all-ce-s20260917] popularity main {'users': 8997, 'Recall@10': 0.006002000666888963, 'Recall@20': 0.008224963876847837, 'Recall@100': 0.02100700233411137, 'Recall@500': 0.045126153162165165, 'NDCG@10': 0.0027646567097184003, 'MRR@10': 0.0017769591627544278}
[uh-all-ce-s20260917] popularity rec  {'users': 5530, 'Recall@10': 0.00976491862567812, 'Recall@20': 0.013381555153707052, 'Recall@100': 0.029837251356238697, 'Recall@500': 0.053707052441229655, 'NDCG@10': 0.005401812597533872, 'MRR@10': 0.004067352679468413}
[uh-all-ce-s20260917] done in 317s  overlap 0.478
=== 2026-09-30 02:19:59 --protocol loo --data rec --loss ce --tag loo-rec-ce-s20260917
[loo-rec-ce-s20260917] popularity main {'users': 9804, 'Recall@10': 0.006731946144430845, 'Recall@20': 0.00897592819257446, 'Recall@100': 0.01937984496124031, 'Recall@500': 0.03294573643410853, 'NDCG@10': 0.0032748259938762893, 'MRR@10': 0.0021893801040067866}
[loo-rec-ce-s20260917] popularity rec  {'users': 9804, 'Recall@10': 0.006731946144430845, 'Recall@20': 0.00897592819257446, 'Recall@100': 0.01937984496124031, 'Recall@500': 0.03294573643410853, 'NDCG@10': 0.0032748259938762893, 'MRR@10': 0.0021893801040067866}
[loo-rec-ce-s20260917] done in 39s  overlap 0.260
=== 2026-09-30 02:20:40 --protocol tsp --data rec --loss ce --tag tsp-rec-ce-s20260917
[tsp-rec-ce-s20260917] popularity main {'users': 988, 'Recall@10': 0.008097165991902834, 'Recall@20': 0.013157894736842105, 'Recall@100': 0.030364372469635626, 'Recall@500': 0.044534412955465584, 'NDCG@10': 0.0030808420446098166, 'MRR@10': 0.0016290726817042606}
[tsp-rec-ce-s20260917] popularity rec  {'users': 988, 'Recall@10': 0.008097165991902834, 'Recall@20': 0.013157894736842105, 'Recall@100': 0.030364372469635626, 'Recall@500': 0.044534412955465584, 'NDCG@10': 0.0030808420446098166, 'MRR@10': 0.0016290726817042606}
[tsp-rec-ce-s20260917] done in 157s  overlap 0.117
=== 2026-09-30 02:23:19 --protocol uh --data rec --loss ce --tag uh-rec-ce-s20260917
[uh-rec-ce-s20260917] popularity main {'users': 3545, 'Recall@10': 0.006205923836389281, 'Recall@20': 0.010437235543018336, 'Recall@100': 0.02454160789844852, 'Recall@500': 0.04428772919605078, 'NDCG@10': 0.0032370607791590666, 'MRR@10': 0.00231916179730002}
[uh-rec-ce-s20260917] popularity rec  {'users': 3545, 'Recall@10': 0.006205923836389281, 'Recall@20': 0.010437235543018336, 'Recall@100': 0.02454160789844852, 'Recall@500': 0.04428772919605078, 'NDCG@10': 0.0032370607791590666, 'MRR@10': 0.00231916179730002}
[uh-rec-ce-s20260917] done in 561s  overlap 0.010
=== 2026-09-30 02:32:41 --protocol loo --data all --loss bce --lr 3e-4 --tag loo-all-bce-lr3e-4-s20260917
[loo-all-bce-lr3e-4-s20260917] popularity main {'users': 29991, 'Recall@10': 0.006068487212830516, 'Recall@20': 0.008402520756226868, 'Recall@100': 0.019572538428195126, 'Recall@500': 0.03774465673035244, 'NDCG@10': 0.002814392544763625, 'MRR@10': 0.0018331160723878536}
[loo-all-bce-lr3e-4-s20260917] popularity rec  {'users': 18446, 'Recall@10': 0.008186056597636344, 'Recall@20': 0.011059308251111353, 'Recall@100': 0.023582348476634502, 'Recall@500': 0.04055079692074162, 'NDCG@10': 0.004156837992100102, 'MRR@10': 0.0029077797225363095}
[loo-all-bce-lr3e-4-s20260917] done in 151s  overlap 0.560
=== 2026-09-30 02:35:14 --protocol loo --data all --loss bce --seed 1 --tag loo-all-bce-s1
[loo-all-bce-s1] popularity main {'users': 29991, 'Recall@10': 0.006068487212830516, 'Recall@20': 0.008402520756226868, 'Recall@100': 0.019572538428195126, 'Recall@500': 0.03774465673035244, 'NDCG@10': 0.002814392544763625, 'MRR@10': 0.0018331160723878536}
[loo-all-bce-s1] popularity rec  {'users': 18446, 'Recall@10': 0.008186056597636344, 'Recall@20': 0.011059308251111353, 'Recall@100': 0.023582348476634502, 'Recall@500': 0.04055079692074162, 'NDCG@10': 0.004156837992100102, 'MRR@10': 0.0029077797225363095}
[loo-all-bce-s1] done in 102s  overlap 0.489
=== 2026-09-30 02:36:57 --protocol tsp --data all --loss bce --seed 1 --tag tsp-all-bce-s1
[tsp-all-bce-s1] popularity main {'users': 2446, 'Recall@10': 0.005723630417007359, 'Recall@20': 0.010220768601798855, 'Recall@100': 0.02739165985282093, 'Recall@500': 0.05396565821749796, 'NDCG@10': 0.0027235609437535075, 'MRR@10': 0.0018413606925463018}
[tsp-all-bce-s1] popularity rec  {'users': 1536, 'Recall@10': 0.011067708333333334, 'Recall@20': 0.014973958333333334, 'Recall@100': 0.044921875, 'Recall@500': 0.064453125, 'NDCG@10': 0.004674237352776133, 'MRR@10': 0.0028074880125661377}
[tsp-all-bce-s1] done in 229s  overlap 0.588
=== 2026-09-30 02:40:48 --protocol uh --data all --loss bce --seed 1 --tag uh-all-bce-s1
[uh-all-bce-s1] popularity main {'users': 8997, 'Recall@10': 0.006002000666888963, 'Recall@20': 0.008224963876847837, 'Recall@100': 0.02100700233411137, 'Recall@500': 0.045126153162165165, 'NDCG@10': 0.0027646567097184003, 'MRR@10': 0.0017769591627544278}
[uh-all-bce-s1] popularity rec  {'users': 5530, 'Recall@10': 0.00976491862567812, 'Recall@20': 0.013381555153707052, 'Recall@100': 0.029837251356238697, 'Recall@500': 0.053707052441229655, 'NDCG@10': 0.005401812597533872, 'MRR@10': 0.004067352679468413}
[uh-all-bce-s1] done in 252s  overlap 0.633
=== 2026-09-30 02:45:02 --protocol loo --data rec --loss bce --seed 1 --tag loo-rec-bce-s1
[loo-rec-bce-s1] popularity main {'users': 9804, 'Recall@10': 0.006731946144430845, 'Recall@20': 0.00897592819257446, 'Recall@100': 0.01937984496124031, 'Recall@500': 0.03294573643410853, 'NDCG@10': 0.0032748259938762893, 'MRR@10': 0.0021893801040067866}
[loo-rec-bce-s1] popularity rec  {'users': 9804, 'Recall@10': 0.006731946144430845, 'Recall@20': 0.00897592819257446, 'Recall@100': 0.01937984496124031, 'Recall@500': 0.03294573643410853, 'NDCG@10': 0.0032748259938762893, 'MRR@10': 0.0021893801040067866}
[loo-rec-bce-s1] done in 47s  overlap 0.328
=== 2026-09-30 02:45:51 --protocol tsp --data rec --loss bce --seed 1 --tag tsp-rec-bce-s1
[tsp-rec-bce-s1] popularity main {'users': 988, 'Recall@10': 0.008097165991902834, 'Recall@20': 0.013157894736842105, 'Recall@100': 0.030364372469635626, 'Recall@500': 0.044534412955465584, 'NDCG@10': 0.0030808420446098166, 'MRR@10': 0.0016290726817042606}
[tsp-rec-bce-s1] popularity rec  {'users': 988, 'Recall@10': 0.008097165991902834, 'Recall@20': 0.013157894736842105, 'Recall@100': 0.030364372469635626, 'Recall@500': 0.044534412955465584, 'NDCG@10': 0.0030808420446098166, 'MRR@10': 0.0016290726817042606}
[tsp-rec-bce-s1] done in 102s  overlap 0.492
=== 2026-09-30 02:47:35 --protocol uh --data rec --loss bce --seed 1 --tag uh-rec-bce-s1
[uh-rec-bce-s1] popularity main {'users': 3545, 'Recall@10': 0.006205923836389281, 'Recall@20': 0.010437235543018336, 'Recall@100': 0.02454160789844852, 'Recall@500': 0.04428772919605078, 'NDCG@10': 0.0032370607791590666, 'MRR@10': 0.00231916179730002}
[uh-rec-bce-s1] popularity rec  {'users': 3545, 'Recall@10': 0.006205923836389281, 'Recall@20': 0.010437235543018336, 'Recall@100': 0.02454160789844852, 'Recall@500': 0.04428772919605078, 'NDCG@10': 0.0032370607791590666, 'MRR@10': 0.00231916179730002}
[uh-rec-bce-s1] done in 114s  overlap 0.534
=== 2026-09-30 02:49:30 --protocol loo --data all --loss ce --seed 1 --tag loo-all-ce-s1
[loo-all-ce-s1] popularity main {'users': 29991, 'Recall@10': 0.006068487212830516, 'Recall@20': 0.008402520756226868, 'Recall@100': 0.019572538428195126, 'Recall@500': 0.03774465673035244, 'NDCG@10': 0.002814392544763625, 'MRR@10': 0.0018331160723878536}
[loo-all-ce-s1] popularity rec  {'users': 18446, 'Recall@10': 0.008186056597636344, 'Recall@20': 0.011059308251111353, 'Recall@100': 0.023582348476634502, 'Recall@500': 0.04055079692074162, 'NDCG@10': 0.004156837992100102, 'MRR@10': 0.0029077797225363095}
[loo-all-ce-s1] done in 102s  overlap 0.509
=== 2026-09-30 02:51:13 --protocol tsp --data all --loss ce --seed 1 --tag tsp-all-ce-s1
[tsp-all-ce-s1] popularity main {'users': 2446, 'Recall@10': 0.005723630417007359, 'Recall@20': 0.010220768601798855, 'Recall@100': 0.02739165985282093, 'Recall@500': 0.05396565821749796, 'NDCG@10': 0.0027235609437535075, 'MRR@10': 0.0018413606925463018}
[tsp-all-ce-s1] popularity rec  {'users': 1536, 'Recall@10': 0.011067708333333334, 'Recall@20': 0.014973958333333334, 'Recall@100': 0.044921875, 'Recall@500': 0.064453125, 'NDCG@10': 0.004674237352776133, 'MRR@10': 0.0028074880125661377}
[tsp-all-ce-s1] done in 355s  overlap 0.116
=== 2026-09-30 02:57:10 --protocol uh --data all --loss ce --seed 1 --tag uh-all-ce-s1
[uh-all-ce-s1] popularity main {'users': 8997, 'Recall@10': 0.006002000666888963, 'Recall@20': 0.008224963876847837, 'Recall@100': 0.02100700233411137, 'Recall@500': 0.045126153162165165, 'NDCG@10': 0.0027646567097184003, 'MRR@10': 0.0017769591627544278}
[uh-all-ce-s1] popularity rec  {'users': 5530, 'Recall@10': 0.00976491862567812, 'Recall@20': 0.013381555153707052, 'Recall@100': 0.029837251356238697, 'Recall@500': 0.053707052441229655, 'NDCG@10': 0.005401812597533872, 'MRR@10': 0.004067352679468413}
[uh-all-ce-s1] done in 318s  overlap 0.423
=== 2026-09-30 03:02:30 --protocol loo --data rec --loss ce --seed 1 --tag loo-rec-ce-s1
[loo-rec-ce-s1] popularity main {'users': 9804, 'Recall@10': 0.006731946144430845, 'Recall@20': 0.00897592819257446, 'Recall@100': 0.01937984496124031, 'Recall@500': 0.03294573643410853, 'NDCG@10': 0.0032748259938762893, 'MRR@10': 0.0021893801040067866}
[loo-rec-ce-s1] popularity rec  {'users': 9804, 'Recall@10': 0.006731946144430845, 'Recall@20': 0.00897592819257446, 'Recall@100': 0.01937984496124031, 'Recall@500': 0.03294573643410853, 'NDCG@10': 0.0032748259938762893, 'MRR@10': 0.0021893801040067866}
[loo-rec-ce-s1] done in 43s  overlap 0.437
=== 2026-09-30 03:03:15 --protocol tsp --data rec --loss ce --seed 1 --tag tsp-rec-ce-s1
[tsp-rec-ce-s1] popularity main {'users': 988, 'Recall@10': 0.008097165991902834, 'Recall@20': 0.013157894736842105, 'Recall@100': 0.030364372469635626, 'Recall@500': 0.044534412955465584, 'NDCG@10': 0.0030808420446098166, 'MRR@10': 0.0016290726817042606}
[tsp-rec-ce-s1] popularity rec  {'users': 988, 'Recall@10': 0.008097165991902834, 'Recall@20': 0.013157894736842105, 'Recall@100': 0.030364372469635626, 'Recall@500': 0.044534412955465584, 'NDCG@10': 0.0030808420446098166, 'MRR@10': 0.0016290726817042606}
[tsp-rec-ce-s1] done in 128s  overlap 0.337
=== 2026-09-30 03:05:25 --protocol uh --data rec --loss ce --seed 1 --tag uh-rec-ce-s1
[uh-rec-ce-s1] popularity main {'users': 3545, 'Recall@10': 0.006205923836389281, 'Recall@20': 0.010437235543018336, 'Recall@100': 0.02454160789844852, 'Recall@500': 0.04428772919605078, 'NDCG@10': 0.0032370607791590666, 'MRR@10': 0.00231916179730002}
[uh-rec-ce-s1] popularity rec  {'users': 3545, 'Recall@10': 0.006205923836389281, 'Recall@20': 0.010437235543018336, 'Recall@100': 0.02454160789844852, 'Recall@500': 0.04428772919605078, 'NDCG@10': 0.0032370607791590666, 'MRR@10': 0.00231916179730002}
[uh-rec-ce-s1] done in 114s  overlap 0.537
=== 2026-09-30 03:07:20 --protocol loo --data all --loss bce --seed 2 --tag loo-all-bce-s2
[loo-all-bce-s2] popularity main {'users': 29991, 'Recall@10': 0.006068487212830516, 'Recall@20': 0.008402520756226868, 'Recall@100': 0.019572538428195126, 'Recall@500': 0.03774465673035244, 'NDCG@10': 0.002814392544763625, 'MRR@10': 0.0018331160723878536}
[loo-all-bce-s2] popularity rec  {'users': 18446, 'Recall@10': 0.008186056597636344, 'Recall@20': 0.011059308251111353, 'Recall@100': 0.023582348476634502, 'Recall@500': 0.04055079692074162, 'NDCG@10': 0.004156837992100102, 'MRR@10': 0.0029077797225363095}
[loo-all-bce-s2] done in 103s  overlap 0.493
=== 2026-09-30 03:09:05 --protocol tsp --data all --loss bce --seed 2 --tag tsp-all-bce-s2
[tsp-all-bce-s2] popularity main {'users': 2446, 'Recall@10': 0.005723630417007359, 'Recall@20': 0.010220768601798855, 'Recall@100': 0.02739165985282093, 'Recall@500': 0.05396565821749796, 'NDCG@10': 0.0027235609437535075, 'MRR@10': 0.0018413606925463018}
[tsp-all-bce-s2] popularity rec  {'users': 1536, 'Recall@10': 0.011067708333333334, 'Recall@20': 0.014973958333333334, 'Recall@100': 0.044921875, 'Recall@500': 0.064453125, 'NDCG@10': 0.004674237352776133, 'MRR@10': 0.0028074880125661377}
[tsp-all-bce-s2] done in 229s  overlap 0.596
=== 2026-09-30 03:12:56 --protocol uh --data all --loss bce --seed 2 --tag uh-all-bce-s2
[uh-all-bce-s2] popularity main {'users': 8997, 'Recall@10': 0.006002000666888963, 'Recall@20': 0.008224963876847837, 'Recall@100': 0.02100700233411137, 'Recall@500': 0.045126153162165165, 'NDCG@10': 0.0027646567097184003, 'MRR@10': 0.0017769591627544278}
[uh-all-bce-s2] popularity rec  {'users': 5530, 'Recall@10': 0.00976491862567812, 'Recall@20': 0.013381555153707052, 'Recall@100': 0.029837251356238697, 'Recall@500': 0.053707052441229655, 'NDCG@10': 0.005401812597533872, 'MRR@10': 0.004067352679468413}
[uh-all-bce-s2] done in 253s  overlap 0.615
=== 2026-09-30 03:17:11 --protocol loo --data rec --loss bce --seed 2 --tag loo-rec-bce-s2
[loo-rec-bce-s2] popularity main {'users': 9804, 'Recall@10': 0.006731946144430845, 'Recall@20': 0.00897592819257446, 'Recall@100': 0.01937984496124031, 'Recall@500': 0.03294573643410853, 'NDCG@10': 0.0032748259938762893, 'MRR@10': 0.0021893801040067866}
[loo-rec-bce-s2] popularity rec  {'users': 9804, 'Recall@10': 0.006731946144430845, 'Recall@20': 0.00897592819257446, 'Recall@100': 0.01937984496124031, 'Recall@500': 0.03294573643410853, 'NDCG@10': 0.0032748259938762893, 'MRR@10': 0.0021893801040067866}
[loo-rec-bce-s2] done in 53s  overlap 0.344
=== 2026-09-30 03:18:06 --protocol tsp --data rec --loss bce --seed 2 --tag tsp-rec-bce-s2
[tsp-rec-bce-s2] popularity main {'users': 988, 'Recall@10': 0.008097165991902834, 'Recall@20': 0.013157894736842105, 'Recall@100': 0.030364372469635626, 'Recall@500': 0.044534412955465584, 'NDCG@10': 0.0030808420446098166, 'MRR@10': 0.0016290726817042606}
[tsp-rec-bce-s2] popularity rec  {'users': 988, 'Recall@10': 0.008097165991902834, 'Recall@20': 0.013157894736842105, 'Recall@100': 0.030364372469635626, 'Recall@500': 0.044534412955465584, 'NDCG@10': 0.0030808420446098166, 'MRR@10': 0.0016290726817042606}
[tsp-rec-bce-s2] done in 102s  overlap 0.500
=== 2026-09-30 03:19:49 --protocol uh --data rec --loss bce --seed 2 --tag uh-rec-bce-s2
[uh-rec-bce-s2] popularity main {'users': 3545, 'Recall@10': 0.006205923836389281, 'Recall@20': 0.010437235543018336, 'Recall@100': 0.02454160789844852, 'Recall@500': 0.04428772919605078, 'NDCG@10': 0.0032370607791590666, 'MRR@10': 0.00231916179730002}
[uh-rec-bce-s2] popularity rec  {'users': 3545, 'Recall@10': 0.006205923836389281, 'Recall@20': 0.010437235543018336, 'Recall@100': 0.02454160789844852, 'Recall@500': 0.04428772919605078, 'NDCG@10': 0.0032370607791590666, 'MRR@10': 0.00231916179730002}
[uh-rec-bce-s2] done in 144s  overlap 0.473
=== 2026-09-30 03:22:15 --protocol loo --data all --loss ce --seed 2 --tag loo-all-ce-s2
[loo-all-ce-s2] popularity main {'users': 29991, 'Recall@10': 0.006068487212830516, 'Recall@20': 0.008402520756226868, 'Recall@100': 0.019572538428195126, 'Recall@500': 0.03774465673035244, 'NDCG@10': 0.002814392544763625, 'MRR@10': 0.0018331160723878536}
[loo-all-ce-s2] popularity rec  {'users': 18446, 'Recall@10': 0.008186056597636344, 'Recall@20': 0.011059308251111353, 'Recall@100': 0.023582348476634502, 'Recall@500': 0.04055079692074162, 'NDCG@10': 0.004156837992100102, 'MRR@10': 0.0029077797225363095}
[loo-all-ce-s2] done in 92s  overlap 0.473
=== 2026-09-30 03:23:49 --protocol tsp --data all --loss ce --seed 2 --tag tsp-all-ce-s2
[tsp-all-ce-s2] popularity main {'users': 2446, 'Recall@10': 0.005723630417007359, 'Recall@20': 0.010220768601798855, 'Recall@100': 0.02739165985282093, 'Recall@500': 0.05396565821749796, 'NDCG@10': 0.0027235609437535075, 'MRR@10': 0.0018413606925463018}
[tsp-all-ce-s2] popularity rec  {'users': 1536, 'Recall@10': 0.011067708333333334, 'Recall@20': 0.014973958333333334, 'Recall@100': 0.044921875, 'Recall@500': 0.064453125, 'NDCG@10': 0.004674237352776133, 'MRR@10': 0.0028074880125661377}
[tsp-all-ce-s2] done in 294s  overlap 0.345
=== 2026-09-30 03:28:45 --protocol uh --data all --loss ce --seed 2 --tag uh-all-ce-s2
[uh-all-ce-s2] popularity main {'users': 8997, 'Recall@10': 0.006002000666888963, 'Recall@20': 0.008224963876847837, 'Recall@100': 0.02100700233411137, 'Recall@500': 0.045126153162165165, 'NDCG@10': 0.0027646567097184003, 'MRR@10': 0.0017769591627544278}
[uh-all-ce-s2] popularity rec  {'users': 5530, 'Recall@10': 0.00976491862567812, 'Recall@20': 0.013381555153707052, 'Recall@100': 0.029837251356238697, 'Recall@500': 0.053707052441229655, 'NDCG@10': 0.005401812597533872, 'MRR@10': 0.004067352679468413}
[uh-all-ce-s2] done in 319s  overlap 0.396
=== 2026-09-30 03:34:05 --protocol loo --data rec --loss ce --seed 2 --tag loo-rec-ce-s2
[loo-rec-ce-s2] popularity main {'users': 9804, 'Recall@10': 0.006731946144430845, 'Recall@20': 0.00897592819257446, 'Recall@100': 0.01937984496124031, 'Recall@500': 0.03294573643410853, 'NDCG@10': 0.0032748259938762893, 'MRR@10': 0.0021893801040067866}
[loo-rec-ce-s2] popularity rec  {'users': 9804, 'Recall@10': 0.006731946144430845, 'Recall@20': 0.00897592819257446, 'Recall@100': 0.01937984496124031, 'Recall@500': 0.03294573643410853, 'NDCG@10': 0.0032748259938762893, 'MRR@10': 0.0021893801040067866}
[loo-rec-ce-s2] done in 53s  overlap 0.373
=== 2026-09-30 03:35:01 --protocol tsp --data rec --loss ce --seed 2 --tag tsp-rec-ce-s2
[tsp-rec-ce-s2] popularity main {'users': 988, 'Recall@10': 0.008097165991902834, 'Recall@20': 0.013157894736842105, 'Recall@100': 0.030364372469635626, 'Recall@500': 0.044534412955465584, 'NDCG@10': 0.0030808420446098166, 'MRR@10': 0.0016290726817042606}
[tsp-rec-ce-s2] popularity rec  {'users': 988, 'Recall@10': 0.008097165991902834, 'Recall@20': 0.013157894736842105, 'Recall@100': 0.030364372469635626, 'Recall@500': 0.044534412955465584, 'NDCG@10': 0.0030808420446098166, 'MRR@10': 0.0016290726817042606}
[tsp-rec-ce-s2] done in 158s  overlap 0.098
=== 2026-09-30 03:37:41 --protocol uh --data rec --loss ce --seed 2 --tag uh-rec-ce-s2
[uh-rec-ce-s2] popularity main {'users': 3545, 'Recall@10': 0.006205923836389281, 'Recall@20': 0.010437235543018336, 'Recall@100': 0.02454160789844852, 'Recall@500': 0.04428772919605078, 'NDCG@10': 0.0032370607791590666, 'MRR@10': 0.00231916179730002}
[uh-rec-ce-s2] popularity rec  {'users': 3545, 'Recall@10': 0.006205923836389281, 'Recall@20': 0.010437235543018336, 'Recall@100': 0.02454160789844852, 'Recall@500': 0.04428772919605078, 'NDCG@10': 0.0032370607791590666, 'MRR@10': 0.00231916179730002}
[uh-rec-ce-s2] done in 175s  overlap 0.256
=== queue done 2026-09-30 03:40:37
