[loo-all-bce-s20260917] {'epoch': 1, 'loss': 1.3710930670722057, 'seconds': 4.131967782974243}
[loo-all-bce-s20260917] {'epoch': 2, 'loss': 1.1588239871849448, 'seconds': 3.8266706466674805}
[loo-all-bce-s20260917] {'epoch': 3, 'loss': 0.9346210850497424, 'seconds': 3.779914617538452}
[loo-all-bce-s20260917] {'epoch': 4, 'loss': 0.8213027942988832, 'seconds': 3.758744955062866}
[loo-all-bce-s20260917] {'epoch': 5, 'loss': 0.7646662411043199, 'seconds': 3.764091968536377, 'val_users': 14731, 'val_Recall@10': 0.004208811350213835, 'val_Recall@20': 0.006788405403570701, 'val_Recall@100': 0.01703889756296246, 'val_Recall@500': 0.0339420270178535, 'val_NDCG@10': 0.002025816540247752, 'val_MRR@10': 0.001349976779343421}
[loo-all-bce-s20260917] {'epoch': 6, 'loss': 0.7199657897827989, 'seconds': 4.015298128128052}
[loo-all-bce-s20260917] {'epoch': 7, 'loss': 0.6869426490896839, 'seconds': 3.8459246158599854}
[loo-all-bce-s20260917] {'epoch': 8, 'loss': 0.6479438235193996, 'seconds': 4.009027004241943}
[loo-all-bce-s20260917] {'epoch': 9, 'loss': 0.6118388564909919, 'seconds': 4.086883306503296}
[loo-all-bce-s20260917] {'epoch': 10, 'loss': 0.5875060851291075, 'seconds': 3.814171314239502, 'val_users': 14731, 'val_Recall@10': 0.0027832462154639874, 'val_Recall@20': 0.0042766954042495415, 'val_Recall@100': 0.010997216753784535, 'val_Recall@500': 0.02566017242549725, 'val_NDCG@10': 0.00135966500654744, 'val_MRR@10': 0.0009292303349054418}
[loo-all-bce-s20260917] {'epoch': 11, 'loss': 0.558731347322464, 'seconds': 3.224900722503662}
[loo-all-bce-s20260917] {'epoch': 12, 'loss': 0.5285516159009125, 'seconds': 3.759627342224121}
[loo-all-bce-s20260917] {'epoch': 13, 'loss': 0.5039730347314123, 'seconds': 3.8778529167175293}
[loo-all-bce-s20260917] {'epoch': 14, 'loss': 0.48374309378155206, 'seconds': 3.7907156944274902}
[loo-all-bce-s20260917] {'epoch': 15, 'loss': 0.46647145232911835, 'seconds': 3.8157906532287598, 'val_users': 14731, 'val_Recall@10': 0.0019686375670355033, 'val_Recall@20': 0.0031226664856425224, 'val_Recall@100': 0.007535129997963478, 'val_Recall@500': 0.01955060756228362, 'val_NDCG@10': 0.0010446379857678187, 'val_MRR@10': 0.000768463654554212}
[loo-all-bce-s20260917] {'epoch': 16, 'loss': 0.4360327715590849, 'seconds': 3.792621374130249}
[loo-all-bce-s20260917] {'epoch': 17, 'loss': 0.4202262491492902, 'seconds': 3.779146671295166}
[loo-all-bce-s20260917] {'epoch': 18, 'loss': 0.40256496203147757, 'seconds': 3.1505074501037598}
[loo-all-bce-s20260917] {'epoch': 19, 'loss': 0.381243786569369, 'seconds': 3.710926055908203}
[loo-all-bce-s20260917] {'epoch': 20, 'loss': 0.3652073958162534, 'seconds': 3.7759830951690674, 'val_users': 14731, 'val_Recall@10': 0.0013576810807141404, 'val_Recall@20': 0.0027153621614282807, 'val_Recall@100': 0.0073314778358563575, 'val_Recall@500': 0.014051999185391352, 'val_NDCG@10': 0.0006851912711490327, 'val_MRR@10': 0.00048062987781947796}
[loo-all-bce-s20260917] {'epoch': 21, 'loss': 0.3487034977997764, 'seconds': 3.8289897441864014}
[loo-all-bce-s20260917] {'epoch': 22, 'loss': 0.3353053639500828, 'seconds': 3.967170476913452}
[loo-all-bce-s20260917] {'epoch': 23, 'loss': 0.3213155825259322, 'seconds': 5.7533299922943115}
[loo-all-bce-s20260917] {'epoch': 24, 'loss': 0.30503101255428994, 'seconds': 8.51961350440979}
[loo-all-bce-s20260917] {'epoch': 25, 'loss': 0.2892341858754724, 'seconds': 9.317256927490234, 'val_users': 14731, 'val_Recall@10': 0.0017649854049283822, 'val_Recall@20': 0.0024438259452854525, 'val_Recall@100': 0.005634376484963682, 'val_Recall@500': 0.011879709456248727, 'val_NDCG@10': 0.0008844847003888597, 'val_MRR@10': 0.0006166943051743812}
[loo-all-bce-s20260917] {'epoch': 26, 'loss': 0.2744094327849857, 'seconds': 7.115981817245483}
[loo-all-bce-s20260917] {'epoch': 27, 'loss': 0.2678055683687582, 'seconds': 9.327569484710693}
[loo-all-bce-s20260917] {'epoch': 28, 'loss': 0.2552734627309492, 'seconds': 76.04005360603333}
[loo-all-bce-s20260917] {'epoch': 29, 'loss': 0.25079070221064453, 'seconds': 21.250620365142822}
[loo-all-bce-s20260917] {'epoch': 30, 'loss': 0.24105614221702187, 'seconds': 8.984566450119019, 'val_users': 14731, 'val_Recall@10': 0.0021722897291426243, 'val_Recall@20': 0.0025795940533568664, 'val_Recall@100': 0.005159188106713733, 'val_Recall@500': 0.01181182540221302, 'val_NDCG@10': 0.0011588221977696165, 'val_MRR@10': 0.0008526991454151865}
[loo-all-bce-s20260917] sasrec main {'users': 29991, 'Recall@10': 0.003634423660431463, 'Recall@20': 0.0053682771498116105, 'Recall@100': 0.015137874695742057, 'Recall@500': 0.029475509319462505, 'NDCG@10': 0.0018325358894393914, 'MRR@10': 0.0012765205222942545}
[loo-all-bce-s20260917] sasrec rec  {'users': 18446, 'Recall@10': 0.0047164696953269, 'Recall@20': 0.00867396725577361, 'Recall@100': 0.016209476309226933, 'Recall@500': 0.032581589504499624, 'NDCG@10': 0.0027771708976885995, 'MRR@10': 0.0022015570115429166}
[loo-all-bce-s20260917] popularity main {'users': 29991, 'Recall@10': 0.006068487212830516, 'Recall@20': 0.008402520756226868, 'Recall@100': 0.019572538428195126, 'Recall@500': 0.03774465673035244, 'NDCG@10': 0.002814392544763625, 'MRR@10': 0.0018331160723878536}
[loo-all-bce-s20260917] popularity rec  {'users': 18446, 'Recall@10': 0.008186056597636344, 'Recall@20': 0.011059308251111353, 'Recall@100': 0.023582348476634502, 'Recall@500': 0.04055079692074162, 'NDCG@10': 0.004156837992100102, 'MRR@10': 0.0029077797225363095}
[loo-all-bce-s20260917] done in 409s  overlap 0.370
