[uh-rec-ce-s20260917] {'epoch': 1, 'loss': 8.133417390811164, 'seconds': 15.344987154006958, 'val_users': 1182, 'val_Recall@10': 0.0008460236886632825, 'val_Recall@20': 0.008460236886632826, 'val_Recall@100': 0.0194585448392555, 'val_Recall@500': 0.04145516074450085, 'val_NDCG@10': 0.00028200789622109416, 'val_MRR@10': 0.0001208605269518975}
[uh-rec-ce-s20260917] {'epoch': 2, 'loss': 7.264475766529661, 'seconds': 14.068086862564087, 'val_users': 1182, 'val_Recall@10': 0.00338409475465313, 'val_Recall@20': 0.009306260575296108, 'val_Recall@100': 0.0194585448392555, 'val_Recall@500': 0.04060913705583756, 'val_NDCG@10': 0.0011908834071825752, 'val_MRR@10': 0.0005593156608385035}
[uh-rec-ce-s20260917] {'epoch': 3, 'loss': 6.280965230612359, 'seconds': 15.02016019821167, 'val_users': 1182, 'val_Recall@10': 0.00338409475465313, 'val_Recall@20': 0.007614213197969543, 'val_Recall@100': 0.0194585448392555, 'val_Recall@500': 0.03637901861252115, 'val_NDCG@10': 0.0019516475356378064, 'val_MRR@10': 0.0015228426395939086}
[uh-rec-ce-s20260917] {'epoch': 4, 'loss': 4.812258101221341, 'seconds': 14.109425067901611, 'val_users': 1182, 'val_Recall@10': 0.001692047377326565, 'val_Recall@20': 0.004230118443316413, 'val_Recall@100': 0.01353637901861252, 'val_Recall@500': 0.02622673434856176, 'val_NDCG@10': 0.0005265635868453648, 'val_MRR@10': 0.00020546289581822576}
[uh-rec-ce-s20260917] {'epoch': 5, 'loss': 3.213222371998118, 'seconds': 14.991277694702148, 'val_users': 1182, 'val_Recall@10': 0.0025380710659898475, 'val_Recall@20': 0.00338409475465313, 'val_Recall@100': 0.007614213197969543, 'val_Recall@500': 0.023688663282571912, 'val_NDCG@10': 0.0010905793792875531, 'val_MRR@10': 0.0006486181613085166}
[uh-rec-ce-s20260917] {'epoch': 6, 'loss': 1.864774339234651, 'seconds': 13.903287649154663, 'val_users': 1182, 'val_Recall@10': 0.005922165820642978, 'val_Recall@20': 0.005922165820642978, 'val_Recall@100': 0.010998307952622674, 'val_Recall@500': 0.018612521150592216, 'val_NDCG@10': 0.0031620337945831474, 'val_MRR@10': 0.0022983643542019176}
[uh-rec-ce-s20260917] {'epoch': 7, 'loss': 1.0081014276059197, 'seconds': 15.01538896560669, 'val_users': 1182, 'val_Recall@10': 0.005922165820642978, 'val_Recall@20': 0.005922165820642978, 'val_Recall@100': 0.007614213197969543, 'val_Recall@500': 0.015228426395939087, 'val_NDCG@10': 0.003444041690804242, 'val_MRR@10': 0.0027012327773749097}
[uh-rec-ce-s20260917] {'epoch': 8, 'loss': 0.5459321399233235, 'seconds': 14.10934042930603, 'val_users': 1182, 'val_Recall@10': 0.005922165820642978, 'val_Recall@20': 0.005922165820642978, 'val_Recall@100': 0.01015228426395939, 'val_Recall@500': 0.01692047377326565, 'val_NDCG@10': 0.003718150380064787, 'val_MRR@10': 0.0030245346869712353}
[uh-rec-ce-s20260917] {'epoch': 9, 'loss': 0.3314495578503558, 'seconds': 14.841610193252563, 'val_users': 1182, 'val_Recall@10': 0.005076142131979695, 'val_Recall@20': 0.005922165820642978, 'val_Recall@100': 0.007614213197969543, 'val_Recall@500': 0.014382402707275803, 'val_NDCG@10': 0.0038592269980074877, 'val_MRR@10': 0.0034545967287084043}
[uh-rec-ce-s20260917] {'epoch': 10, 'loss': 0.23717972436057988, 'seconds': 14.067759037017822, 'val_users': 1182, 'val_Recall@10': 0.005076142131979695, 'val_Recall@20': 0.005076142131979695, 'val_Recall@100': 0.011844331641285956, 'val_Recall@500': 0.01692047377326565, 'val_NDCG@10': 0.004028645945129371, 'val_MRR@10': 0.0036661026508742244}
[uh-rec-ce-s20260917] {'epoch': 11, 'loss': 0.18840714566298386, 'seconds': 14.920392036437988, 'val_users': 1182, 'val_Recall@10': 0.005076142131979695, 'val_Recall@20': 0.00676818950930626, 'val_Recall@100': 0.010998307952622674, 'val_Recall@500': 0.01353637901861252, 'val_NDCG@10': 0.0038592269980074877, 'val_MRR@10': 0.0034545967287084034}
[uh-rec-ce-s20260917] {'epoch': 12, 'loss': 0.16046526948653306, 'seconds': 14.038357019424438, 'val_users': 1182, 'val_Recall@10': 0.005922165820642978, 'val_Recall@20': 0.00676818950930626, 'val_Recall@100': 0.008460236886632826, 'val_Recall@500': 0.016074450084602367, 'val_NDCG@10': 0.004451657789461012, 'val_MRR@10': 0.003948110547095318}
[uh-rec-ce-s20260917] {'epoch': 13, 'loss': 0.14552665262747166, 'seconds': 14.776128053665161, 'val_users': 1182, 'val_Recall@10': 0.005922165820642978, 'val_Recall@20': 0.005922165820642978, 'val_Recall@100': 0.007614213197969543, 'val_Recall@500': 0.012690355329949238, 'val_NDCG@10': 0.004253704950086102, 'val_MRR@10': 0.0037718556119571353}
[uh-rec-ce-s20260917] {'epoch': 14, 'loss': 0.13610211449232437, 'seconds': 14.082720041275024, 'val_users': 1182, 'val_Recall@10': 0.00676818950930626, 'val_Recall@20': 0.00676818950930626, 'val_Recall@100': 0.008460236886632826, 'val_Recall@500': 0.011844331641285956, 'val_NDCG@10': 0.004826042447159455, 'val_MRR@10': 0.004216018048505358}
[uh-rec-ce-s20260917] {'epoch': 15, 'loss': 0.12760297979500249, 'seconds': 14.852730989456177, 'val_users': 1182, 'val_Recall@10': 0.005922165820642978, 'val_Recall@20': 0.007614213197969543, 'val_Recall@100': 0.008460236886632826, 'val_Recall@500': 0.012690355329949238, 'val_NDCG@10': 0.004546522629368884, 'val_MRR@10': 0.004117315284827975}
[uh-rec-ce-s20260917] {'epoch': 16, 'loss': 0.12214864386932682, 'seconds': 14.789114475250244, 'val_users': 1182, 'val_Recall@10': 0.005922165820642978, 'val_Recall@20': 0.005922165820642978, 'val_Recall@100': 0.009306260575296108, 'val_Recall@500': 0.01353637901861252, 'val_NDCG@10': 0.005377501850345196, 'val_MRR@10': 0.005217146080090242}
[uh-rec-ce-s20260917] {'epoch': 17, 'loss': 0.12039651861910754, 'seconds': 14.741549968719482, 'val_users': 1182, 'val_Recall@10': 0.005922165820642978, 'val_Recall@20': 0.007614213197969543, 'val_Recall@100': 0.008460236886632826, 'val_Recall@500': 0.01353637901861252, 'val_NDCG@10': 0.004512053669705354, 'val_MRR@10': 0.004082064297800339}
[uh-rec-ce-s20260917] {'epoch': 18, 'loss': 0.1162735298990822, 'seconds': 14.816125869750977, 'val_users': 1182, 'val_Recall@10': 0.00676818950930626, 'val_Recall@20': 0.008460236886632826, 'val_Recall@100': 0.009306260575296108, 'val_Recall@500': 0.014382402707275803, 'val_NDCG@10': 0.004409211263050726, 'val_MRR@10': 0.0037047108747616363}
[uh-rec-ce-s20260917] {'epoch': 19, 'loss': 0.11424868015338109, 'seconds': 14.19385027885437, 'val_users': 1182, 'val_Recall@10': 0.005922165820642978, 'val_Recall@20': 0.005922165820642978, 'val_Recall@100': 0.009306260575296108, 'val_Recall@500': 0.01353637901861252, 'val_NDCG@10': 0.004379710653919217, 'val_MRR@10': 0.003912859560067682}
[uh-rec-ce-s20260917] {'epoch': 20, 'loss': 0.11155471240263631, 'seconds': 14.930931806564331, 'val_users': 1182, 'val_Recall@10': 0.005922165820642978, 'val_Recall@20': 0.00676818950930626, 'val_Recall@100': 0.01015228426395939, 'val_Recall@500': 0.012690355329949238, 'val_NDCG@10': 0.004980416926594367, 'val_MRR@10': 0.004681331077270164}
[uh-rec-ce-s20260917] {'epoch': 21, 'loss': 0.11135301569393322, 'seconds': 14.157249212265015, 'val_users': 1182, 'val_Recall@10': 0.005076142131979695, 'val_Recall@20': 0.00676818950930626, 'val_Recall@100': 0.008460236886632826, 'val_Recall@500': 0.014382402707275803, 'val_NDCG@10': 0.004028645945129371, 'val_MRR@10': 0.0036661026508742244}
[uh-rec-ce-s20260917] refit on train+validation for 16 epochs
[uh-rec-ce-s20260917] {'epoch': 1, 'loss': 8.132914297691377, 'seconds': 15.046857357025146}
[uh-rec-ce-s20260917] {'epoch': 2, 'loss': 7.291023582345826, 'seconds': 14.441688060760498}
[uh-rec-ce-s20260917] {'epoch': 3, 'loss': 6.369109548093901, 'seconds': 15.004623413085938}
[uh-rec-ce-s20260917] {'epoch': 4, 'loss': 4.909351748253223, 'seconds': 14.389562606811523}
[uh-rec-ce-s20260917] {'epoch': 5, 'loss': 3.3418631090896542, 'seconds': 15.058634519577026}
[uh-rec-ce-s20260917] {'epoch': 6, 'loss': 2.0066474716371623, 'seconds': 14.534372568130493}
[uh-rec-ce-s20260917] {'epoch': 7, 'loss': 1.118466889430702, 'seconds': 15.172093629837036}
[uh-rec-ce-s20260917] {'epoch': 8, 'loss': 0.6195125640193119, 'seconds': 14.508205652236938}
[uh-rec-ce-s20260917] {'epoch': 9, 'loss': 0.3691699017263666, 'seconds': 15.102346420288086}
[uh-rec-ce-s20260917] {'epoch': 10, 'loss': 0.2606224107088419, 'seconds': 14.365789413452148}
[uh-rec-ce-s20260917] {'epoch': 11, 'loss': 0.2038145958276992, 'seconds': 15.190049171447754}
[uh-rec-ce-s20260917] {'epoch': 12, 'loss': 0.1674527352683655, 'seconds': 14.463619709014893}
[uh-rec-ce-s20260917] {'epoch': 13, 'loss': 0.15361013851336788, 'seconds': 15.07133674621582}
[uh-rec-ce-s20260917] {'epoch': 14, 'loss': 0.14148921066038467, 'seconds': 15.114734172821045}
[uh-rec-ce-s20260917] {'epoch': 15, 'loss': 0.13396436687291674, 'seconds': 14.422502756118774}
[uh-rec-ce-s20260917] {'epoch': 16, 'loss': 0.12624674200823036, 'seconds': 14.885920524597168}
[uh-rec-ce-s20260917] sasrec main {'users': 3545, 'Recall@10': 0.002256699576868829, 'Recall@20': 0.0036671368124118475, 'Recall@100': 0.007334273624823695, 'Recall@500': 0.01382228490832158, 'NDCG@10': 0.0011690759163473859, 'MRR@10': 0.0008540981037454944}
[uh-rec-ce-s20260917] sasrec rec  {'users': 3545, 'Recall@10': 0.002256699576868829, 'Recall@20': 0.0036671368124118475, 'Recall@100': 0.007334273624823695, 'Recall@500': 0.01382228490832158, 'NDCG@10': 0.0011690759163473859, 'MRR@10': 0.0008540981037454944}
[uh-rec-ce-s20260917] popularity main {'users': 3545, 'Recall@10': 0.006205923836389281, 'Recall@20': 0.010437235543018336, 'Recall@100': 0.02454160789844852, 'Recall@500': 0.04428772919605078, 'NDCG@10': 0.0032370607791590666, 'MRR@10': 0.00231916179730002}
[uh-rec-ce-s20260917] popularity rec  {'users': 3545, 'Recall@10': 0.006205923836389281, 'Recall@20': 0.010437235543018336, 'Recall@100': 0.02454160789844852, 'Recall@500': 0.04428772919605078, 'NDCG@10': 0.0032370607791590666, 'MRR@10': 0.00231916179730002}
[uh-rec-ce-s20260917] done in 561s  overlap 0.010
